2026-09-05 16:48:55.809 | INFO     | trader.data.features:resolve_panels_root:115 - Panels root: /mnt/d/trading-bot-01/data/panels_kite  (data.panels_root)
2026-09-05 16:48:55.907 | INFO     | trader.data.features:resolve_panels_root:142 -   train.parquet: 645 tickers, 3,038,595 rows, 2005-01-03..2023-12-29
2026-09-05 16:48:55.917 | INFO     | trader.data.features:resolve_panels_root:142 -   val.parquet: 645 tickers, 120,615 rows, 2024-04-01..2024-12-31
2026-09-05 16:48:55.929 | INFO     | trader.data.features:resolve_panels_root:142 -   test.parquet: 645 tickers, 228,975 rows, 2025-04-01..2026-09-04
2026-09-05 16:48:56.008 | INFO     | trader.data.features:resolve_panels_root:142 -   full.parquet: 645 tickers, 3,468,165 rows, 2005-01-03..2026-09-04
2026-09-05 16:48:57.132 | INFO     | __main__:main:113 - Resolved panel: /mnt/d/trading-bot-01/data/panels_kite/full.parquet  (3,468,165 rows, 645 tickers, 2005-01-03..2026-09-04)
2026-09-05 16:48:57.133 | INFO     | __main__:main:118 - Universe: active_tickers() = 504 tickers; the model's ticker axis is that order, and index.json['tickers'] matches it.
2026-09-05 16:48:57.140 | INFO     | __main__:main:138 - Features (15): log_return_1d, log_return_5d, log_return_20d, realized_vol_20d, realized_vol_60d, rsi_14, macd, macd_signal, macd_hist, bbw_20, z_close_20, volume_z_20, dollar_volume_20, atr_14, beta_nifty_60d
2026-09-05 16:48:57.141 | INFO     | __main__:main:162 - Walk-forward span bounded to 2010-01-01..2024-12-31 (panel is 2005-01-03..2026-09-04).
2026-09-05 16:48:57.141 | WARNING  | trader.training.walk_forward:compute_windows:178 - Window W9 truncated/skipped: test_end 2025-06-30 > data_end 2024-12-31
2026-09-05 16:48:57.142 | INFO     | __main__:main:181 - 8 walk-forward window(s):
2026-09-05 16:48:57.143 | INFO     | __main__:main:183 -   W1: {'name': 'W1', 'train_start': '2010-01-01', 'train_end': '2014-12-31', 'val_start': '2015-04-01', 'val_end': '2016-03-31', 'test_start': '2016-07-01', 'test_end': '2017-06-30'}
2026-09-05 16:48:57.143 | INFO     | __main__:main:183 -   W2: {'name': 'W2', 'train_start': '2011-01-01', 'train_end': '2015-12-31', 'val_start': '2016-04-01', 'val_end': '2017-03-31', 'test_start': '2017-07-01', 'test_end': '2018-06-30'}
2026-09-05 16:48:57.144 | INFO     | __main__:main:183 -   W3: {'name': 'W3', 'train_start': '2012-01-01', 'train_end': '2016-12-31', 'val_start': '2017-04-01', 'val_end': '2018-03-31', 'test_start': '2018-07-01', 'test_end': '2019-06-30'}
2026-09-05 16:48:57.145 | INFO     | __main__:main:183 -   W4: {'name': 'W4', 'train_start': '2013-01-01', 'train_end': '2017-12-31', 'val_start': '2018-04-01', 'val_end': '2019-03-31', 'test_start': '2019-07-01', 'test_end': '2020-06-30'}
2026-09-05 16:48:57.146 | INFO     | __main__:main:183 -   W5: {'name': 'W5', 'train_start': '2014-01-01', 'train_end': '2018-12-31', 'val_start': '2019-04-01', 'val_end': '2020-03-31', 'test_start': '2020-07-01', 'test_end': '2021-06-30'}
2026-09-05 16:48:57.146 | INFO     | __main__:main:183 -   W6: {'name': 'W6', 'train_start': '2015-01-01', 'train_end': '2019-12-31', 'val_start': '2020-04-01', 'val_end': '2021-03-31', 'test_start': '2021-07-01', 'test_end': '2022-06-30'}
2026-09-05 16:48:57.146 | INFO     | __main__:main:183 -   W7: {'name': 'W7', 'train_start': '2016-01-01', 'train_end': '2020-12-31', 'val_start': '2021-04-01', 'val_end': '2022-03-31', 'test_start': '2022-07-01', 'test_end': '2023-06-30'}
2026-09-05 16:48:57.147 | INFO     | __main__:main:183 -   W8: {'name': 'W8', 'train_start': '2017-01-01', 'train_end': '2021-12-31', 'val_start': '2022-04-01', 'val_end': '2023-03-31', 'test_start': '2023-07-01', 'test_end': '2024-06-30'}
2026-09-05 16:48:57.148 | INFO     | __main__:main:220 - Artefacts → /mnt/d/trading-bot-01/data/signal/r4_v1  (MLflow port: 5555)
2026-09-05 16:48:57.258 | INFO     | trader.training.supervised:run_signal_walk_forward:1342 - R4 signal walk-forward: tag=r4_v1 device=cuda windows=8 tickers=504 features=15 lookback=60 horizons=(5, 20)
2026-09-05 16:49:04.927 | INFO     | trader.training.supervised:run_signal_walk_forward:1361 - ── W1: train 2010-01-01..2014-12-31  val 2015-04-01..2016-03-31  test 2016-07-01..2017-06-30
2026-09-05 16:49:05.255 | INFO     | trader.training.walk_forward:materialise_window:275 -   W1/train: 802380 rows, 2010-01-04..2014-12-31
2026-09-05 16:49:05.318 | INFO     | trader.training.walk_forward:materialise_window:275 -   W1/val: 159315 rows, 2015-04-01..2016-03-31
2026-09-05 16:49:05.393 | INFO     | trader.training.walk_forward:materialise_window:275 -   W1/test: 159315 rows, 2016-07-01..2017-06-30
2026-09-05 16:49:10.432 | INFO     | trader.training.supervised:run_signal_walk_forward:1391 -   train: 1244 days, 332,824 tradeable rows, labelled rows {5: 331430, 20: 327260}; first 59 days have no full lookback and are not predicted
2026-09-05 16:49:10.433 | INFO     | trader.training.supervised:run_signal_walk_forward:1391 -   val: 247 days, 70,684 tradeable rows, labelled rows {5: 69214, 20: 64830}; first 59 days have no full lookback and are not predicted
2026-09-05 16:49:10.434 | INFO     | trader.training.supervised:run_signal_walk_forward:1391 -   test: 247 days, 75,005 tradeable rows, labelled rows {5: 73450, 20: 68785}; first 59 days have no full lookback and are not predicted
2026-09-05 16:49:10.688 | INFO     | trader.training.supervised:run_signal_walk_forward:1400 -   SignalModel: 363,394 params, embed_dim=128
2026-09-05 16:50:01.881 | INFO     | trader.training.supervised:train_signal_window:1032 -   epoch   1  step     99  loss 1.98776  val IC +0.0503  5d +0.0426 20d +0.0580
2026-09-05 16:50:41.666 | INFO     | trader.training.supervised:train_signal_window:1032 -   epoch   2  step    198  loss 1.97389  val IC +0.0663  5d +0.0530 20d +0.0795
2026-09-05 16:51:22.146 | INFO     | trader.training.supervised:train_signal_window:1032 -   epoch   3  step    297  loss 1.95678  val IC +0.0631  5d +0.0509 20d +0.0754
2026-09-05 16:52:03.097 | INFO     | trader.training.supervised:train_signal_window:1032 -   epoch   4  step    396  loss 1.92628  val IC +0.0588  5d +0.0474 20d +0.0701
2026-09-05 16:52:44.131 | INFO     | trader.training.supervised:train_signal_window:1032 -   epoch   5  step    495  loss 1.88596  val IC +0.0585  5d +0.0509 20d +0.0660
2026-09-05 16:53:25.068 | INFO     | trader.training.supervised:train_signal_window:1032 -   epoch   6  step    594  loss 1.83015  val IC +0.0600  5d +0.0488 20d +0.0713
2026-09-05 16:54:06.145 | INFO     | trader.training.supervised:train_signal_window:1032 -   epoch   7  step    693  loss 1.76885  val IC +0.0515  5d +0.0462 20d +0.0569
2026-09-05 16:54:06.175 | INFO     | trader.training.supervised:train_signal_window:1049 -   early stop: no val-IC improvement for 5 epochs (best +0.0663 at epoch 2)
2026-09-05 16:54:15.160 | INFO     | trader.training.supervised:run_signal_walk_forward:1462 -   W1 val  5d: IC +0.0530 [+0.0228, +0.0842]  ICIR +0.474  hit 0.667  decile +0.00998  n=183
2026-09-05 16:54:15.161 | INFO     | trader.training.supervised:run_signal_walk_forward:1462 -   W1 val 20d: IC +0.0795 [+0.0405, +0.1164]  ICIR +0.858  hit 0.798  decile +0.02529  n=168
2026-09-05 16:54:15.162 | INFO     | trader.training.supervised:run_signal_walk_forward:1462 -   W1 test  5d: IC +0.0569 [+0.0350, +0.0765]  ICIR +0.689  hit 0.760  decile +0.00792  n=183
2026-09-05 16:54:15.162 | INFO     | trader.training.supervised:run_signal_walk_forward:1462 -   W1 test 20d: IC +0.0689 [+0.0450, +0.0935]  ICIR +1.143  hit 0.887  decile +0.02869  n=168
2026-09-05 16:54:15.489 | INFO     | trader.training.supervised:run_signal_walk_forward:1361 - ── W2: train 2011-01-01..2015-12-31  val 2016-04-01..2017-03-31  test 2017-07-01..2018-06-30
2026-09-05 16:54:15.781 | INFO     | trader.training.walk_forward:materialise_window:275 -   W2/train: 799800 rows, 2011-01-03..2015-12-31
2026-09-05 16:54:15.860 | INFO     | trader.training.walk_forward:materialise_window:275 -   W2/val: 159960 rows, 2016-04-01..2017-03-31
2026-09-05 16:54:15.944 | INFO     | trader.training.walk_forward:materialise_window:275 -   W2/test: 160605 rows, 2017-07-03..2018-06-29
2026-09-05 16:54:21.571 | INFO     | trader.training.supervised:run_signal_walk_forward:1391 -   train: 1240 days, 340,289 tradeable rows, labelled rows {5: 338829, 20: 334449}; first 59 days have no full lookback and are not predicted
2026-09-05 16:54:21.572 | INFO     | trader.training.supervised:run_signal_walk_forward:1391 -   val: 248 days, 74,190 tradeable rows, labelled rows {5: 72640, 20: 67998}; first 59 days have no full lookback and are not predicted
2026-09-05 16:54:21.573 | INFO     | trader.training.supervised:run_signal_walk_forward:1391 -   test: 249 days, 79,678 tradeable rows, labelled rows {5: 77991, 20: 73001}; first 59 days have no full lookback and are not predicted
2026-09-05 16:54:21.594 | INFO     | trader.training.supervised:run_signal_walk_forward:1400 -   SignalModel: 363,394 params, embed_dim=128
2026-09-05 16:55:02.675 | INFO     | trader.training.supervised:train_signal_window:1032 -   epoch   1  step     98  loss 1.98910  val IC +0.0353  5d +0.0313 20d +0.0393
2026-09-05 16:55:43.860 | INFO     | trader.training.supervised:train_signal_window:1032 -   epoch   2  step    196  loss 1.97719  val IC +0.0492  5d +0.0402 20d +0.0581
2026-09-05 16:56:24.751 | INFO     | trader.training.supervised:train_signal_window:1032 -   epoch   3  step    294  loss 1.96125  val IC +0.0512  5d +0.0486 20d +0.0538
2026-09-05 16:57:05.727 | INFO     | trader.training.supervised:train_signal_window:1032 -   epoch   4  step    392  loss 1.93386  val IC +0.0559  5d +0.0485 20d +0.0634
2026-09-05 16:57:46.676 | INFO     | trader.training.supervised:train_signal_window:1032 -   epoch   5  step    490  loss 1.88966  val IC +0.0378  5d +0.0368 20d +0.0387
2026-09-05 16:58:27.487 | INFO     | trader.training.supervised:train_signal_window:1032 -   epoch   6  step    588  loss 1.83613  val IC +0.0571  5d +0.0515 20d +0.0627
2026-09-05 16:59:08.424 | INFO     | trader.training.supervised:train_signal_window:1032 -   epoch   7  step    686  loss 1.76873  val IC +0.0494  5d +0.0507 20d +0.0481
2026-09-05 16:59:49.450 | INFO     | trader.training.supervised:train_signal_window:1032 -   epoch   8  step    784  loss 1.69805  val IC +0.0411  5d +0.0428 20d +0.0394
2026-09-05 17:00:30.589 | INFO     | trader.training.supervised:train_signal_window:1032 -   epoch   9  step    882  loss 1.62590  val IC +0.0356  5d +0.0380 20d +0.0331
2026-09-05 17:01:11.546 | INFO     | trader.training.supervised:train_signal_window:1032 -   epoch  10  step    980  loss 1.56978  val IC +0.0364  5d +0.0409 20d +0.0318
2026-09-05 17:01:52.595 | INFO     | trader.training.supervised:train_signal_window:1032 -   epoch  11  step   1078  loss 1.51229  val IC +0.0414  5d +0.0401 20d +0.0427
2026-09-05 17:01:52.633 | INFO     | trader.training.supervised:train_signal_window:1049 -   early stop: no val-IC improvement for 5 epochs (best +0.0571 at epoch 6)
2026-09-05 17:02:01.908 | INFO     | trader.training.supervised:run_signal_walk_forward:1462 -   W2 val  5d: IC +0.0515 [+0.0305, +0.0729]  ICIR +0.624  hit 0.750  decile +0.00702  n=184
2026-09-05 17:02:01.909 | INFO     | trader.training.supervised:run_signal_walk_forward:1462 -   W2 val 20d: IC +0.0627 [+0.0337, +0.0894]  ICIR +0.870  hit 0.817  decile +0.02443  n=169
2026-09-05 17:02:01.910 | INFO     | trader.training.supervised:run_signal_walk_forward:1462 -   W2 test  5d: IC +0.0601 [+0.0350, +0.0826]  ICIR +0.634  hit 0.751  decile +0.00423  n=185
2026-09-05 17:02:01.910 | INFO     | trader.training.supervised:run_signal_walk_forward:1462 -   W2 test 20d: IC +0.0748 [+0.0190, +0.1205]  ICIR +0.745  hit 0.759  decile +0.00612  n=170
2026-09-05 17:02:03.826 | INFO     | trader.training.supervised:run_signal_walk_forward:1361 - ── W3: train 2012-01-01..2016-12-31  val 2017-04-01..2018-03-31  test 2018-07-01..2019-06-30
2026-09-05 17:02:04.145 | INFO     | trader.training.walk_forward:materialise_window:275 -   W3/train: 799800 rows, 2012-01-02..2016-12-30
2026-09-05 17:02:04.228 | INFO     | trader.training.walk_forward:materialise_window:275 -   W3/val: 158670 rows, 2017-04-03..2018-03-28
2026-09-05 17:02:04.299 | INFO     | trader.training.walk_forward:materialise_window:275 -   W3/test: 157380 rows, 2018-07-02..2019-06-28
2026-09-05 17:02:10.482 | INFO     | trader.training.supervised:run_signal_walk_forward:1391 -   train: 1240 days, 348,233 tradeable rows, labelled rows {5: 346679, 20: 342048}; first 59 days have no full lookback and are not predicted
2026-09-05 17:02:10.483 | INFO     | trader.training.supervised:run_signal_walk_forward:1391 -   val: 246 days, 77,495 tradeable rows, labelled rows {5: 75860, 20: 70955}; first 59 days have no full lookback and are not predicted
2026-09-05 17:02:10.484 | INFO     | trader.training.supervised:run_signal_walk_forward:1391 -   test: 244 days, 82,779 tradeable rows, labelled rows {5: 81014, 20: 75720}; first 59 days have no full lookback and are not predicted
2026-09-05 17:02:10.504 | INFO     | trader.training.supervised:run_signal_walk_forward:1400 -   SignalModel: 363,394 params, embed_dim=128
2026-09-05 17:02:51.719 | INFO     | trader.training.supervised:train_signal_window:1032 -   epoch   1  step     98  loss 1.99073  val IC +0.0561  5d +0.0446 20d +0.0676
2026-09-05 17:03:32.833 | INFO     | trader.training.supervised:train_signal_window:1032 -   epoch   2  step    196  loss 1.97890  val IC +0.0630  5d +0.0481 20d +0.0779
2026-09-05 17:04:14.043 | INFO     | trader.training.supervised:train_signal_window:1032 -   epoch   3  step    294  loss 1.96378  val IC +0.0606  5d +0.0484 20d +0.0728
2026-09-05 17:04:55.071 | INFO     | trader.training.supervised:train_signal_window:1032 -   epoch   4  step    392  loss 1.94284  val IC +0.0583  5d +0.0526 20d +0.0640
2026-09-05 17:05:36.217 | INFO     | trader.training.supervised:train_signal_window:1032 -   epoch   5  step    490  loss 1.91163  val IC +0.0533  5d +0.0490 20d +0.0576
2026-09-05 17:06:17.326 | INFO     | trader.training.supervised:train_signal_window:1032 -   epoch   6  step    588  loss 1.86435  val IC +0.0593  5d +0.0498 20d +0.0689
2026-09-05 17:06:58.377 | INFO     | trader.training.supervised:train_signal_window:1032 -   epoch   7  step    686  loss 1.80415  val IC +0.0547  5d +0.0517 20d +0.0576
2026-09-05 17:06:58.441 | INFO     | trader.training.supervised:train_signal_window:1049 -   early stop: no val-IC improvement for 5 epochs (best +0.0630 at epoch 2)
2026-09-05 17:07:07.307 | INFO     | trader.training.supervised:run_signal_walk_forward:1462 -   W3 val  5d: IC +0.0481 [+0.0172, +0.0813]  ICIR +0.373  hit 0.582  decile +0.00467  n=182
2026-09-05 17:07:07.308 | INFO     | trader.training.supervised:run_signal_walk_forward:1462 -   W3 val 20d: IC +0.0779 [+0.0284, +0.1280]  ICIR +0.668  hit 0.754  decile +0.00673  n=167
2026-09-05 17:07:07.309 | INFO     | trader.training.supervised:run_signal_walk_forward:1462 -   W3 test  5d: IC +0.0198 [-0.0144, +0.0518]  ICIR +0.155  hit 0.583  decile +0.00483  n=180
2026-09-05 17:07:07.310 | INFO     | trader.training.supervised:run_signal_walk_forward:1462 -   W3 test 20d: IC +0.0070 [-0.0529, +0.0600]  ICIR +0.059  hit 0.533  decile +0.01513  n=165
2026-09-05 17:07:07.699 | INFO     | trader.training.supervised:run_signal_walk_forward:1361 - ── W4: train 2013-01-01..2017-12-31  val 2018-04-01..2019-03-31  test 2019-07-01..2020-06-30
2026-09-05 17:07:08.049 | INFO     | trader.training.walk_forward:materialise_window:275 -   W4/train: 797865 rows, 2013-01-01..2017-12-29
2026-09-05 17:07:08.175 | INFO     | trader.training.walk_forward:materialise_window:275 -   W4/val: 159960 rows, 2018-04-02..2019-03-29
2026-09-05 17:07:08.256 | INFO     | trader.training.walk_forward:materialise_window:275 -   W4/test: 158670 rows, 2019-07-01..2020-06-30
2026-09-05 17:07:14.106 | INFO     | trader.training.supervised:run_signal_walk_forward:1391 -   train: 1237 days, 356,773 tradeable rows, labelled rows {5: 355146, 20: 350299}; first 59 days have no full lookback and are not predicted
2026-09-05 17:07:14.108 | INFO     | trader.training.supervised:run_signal_walk_forward:1391 -   val: 248 days, 83,315 tradeable rows, labelled rows {5: 81585, 20: 76395}; first 59 days have no full lookback and are not predicted
2026-09-05 17:07:14.109 | INFO     | trader.training.supervised:run_signal_walk_forward:1391 -   test: 246 days, 86,861 tradeable rows, labelled rows {5: 85065, 20: 79694}; first 59 days have no full lookback and are not predicted
2026-09-05 17:07:14.139 | INFO     | trader.training.supervised:run_signal_walk_forward:1400 -   SignalModel: 363,394 params, embed_dim=128
2026-09-05 17:07:55.491 | INFO     | trader.training.supervised:train_signal_window:1032 -   epoch   1  step     98  loss 1.98914  val IC -0.0103  5d -0.0056 20d -0.0151
2026-09-05 17:08:36.878 | INFO     | trader.training.supervised:train_signal_window:1032 -   epoch   2  step    196  loss 1.97558  val IC -0.0014  5d +0.0009 20d -0.0036
2026-09-05 17:09:18.057 | INFO     | trader.training.supervised:train_signal_window:1032 -   epoch   3  step    294  loss 1.96062  val IC -0.0001  5d +0.0094 20d -0.0097
2026-09-05 17:09:59.440 | INFO     | trader.training.supervised:train_signal_window:1032 -   epoch   4  step    392  loss 1.93402  val IC +0.0042  5d -0.0012 20d +0.0097
2026-09-05 17:10:40.836 | INFO     | trader.training.supervised:train_signal_window:1032 -   epoch   5  step    490  loss 1.89538  val IC +0.0053  5d +0.0053 20d +0.0053
2026-09-05 17:11:22.150 | INFO     | trader.training.supervised:train_signal_window:1032 -   epoch   6  step    588  loss 1.84460  val IC -0.0142  5d -0.0165 20d -0.0119
2026-09-05 17:12:03.589 | INFO     | trader.training.supervised:train_signal_window:1032 -   epoch   7  step    686  loss 1.77261  val IC +0.0140  5d +0.0100 20d +0.0180
2026-09-05 17:12:44.819 | INFO     | trader.training.supervised:train_signal_window:1032 -   epoch   8  step    784  loss 1.69865  val IC +0.0215  5d +0.0192 20d +0.0239
2026-09-05 17:13:26.122 | INFO     | trader.training.supervised:train_signal_window:1032 -   epoch   9  step    882  loss 1.62329  val IC +0.0149  5d +0.0124 20d +0.0175
2026-09-05 17:14:07.251 | INFO     | trader.training.supervised:train_signal_window:1032 -   epoch  10  step    980  loss 1.55887  val IC +0.0302  5d +0.0340 20d +0.0264
2026-09-05 17:14:48.520 | INFO     | trader.training.supervised:train_signal_window:1032 -   epoch  11  step   1078  loss 1.49821  val IC +0.0221  5d +0.0246 20d +0.0197
2026-09-05 17:15:29.806 | INFO     | trader.training.supervised:train_signal_window:1032 -   epoch  12  step   1176  loss 1.44167  val IC +0.0127  5d +0.0127 20d +0.0128
2026-09-05 17:16:11.098 | INFO     | trader.training.supervised:train_signal_window:1032 -   epoch  13  step   1274  loss 1.38972  val IC +0.0215  5d +0.0208 20d +0.0222
2026-09-05 17:16:52.408 | INFO     | trader.training.supervised:train_signal_window:1032 -   epoch  14  step   1372  loss 1.35164  val IC +0.0293  5d +0.0296 20d +0.0290
2026-09-05 17:17:33.790 | INFO     | trader.training.supervised:train_signal_window:1032 -   epoch  15  step   1470  loss 1.30927  val IC +0.0240  5d +0.0215 20d +0.0265
2026-09-05 17:17:33.870 | INFO     | trader.training.supervised:train_signal_window:1049 -   early stop: no val-IC improvement for 5 epochs (best +0.0302 at epoch 10)
2026-09-05 17:17:42.861 | INFO     | trader.training.supervised:run_signal_walk_forward:1462 -   W4 val  5d: IC +0.0340 [+0.0143, +0.0534]  ICIR +0.445  hit 0.701  decile +0.00225  n=184
2026-09-05 17:17:42.862 | INFO     | trader.training.supervised:run_signal_walk_forward:1462 -   W4 val 20d: IC +0.0264 [-0.0025, +0.0543]  ICIR +0.373  hit 0.698  decile +0.00402  n=169
2026-09-05 17:17:42.863 | INFO     | trader.training.supervised:run_signal_walk_forward:1462 -   W4 test  5d: IC +0.0371 [+0.0158, +0.0576]  ICIR +0.427  hit 0.670  decile +0.01253  n=182
2026-09-05 17:17:42.864 | INFO     | trader.training.supervised:run_signal_walk_forward:1462 -   W4 test 20d: IC +0.0349 [+0.0169, +0.0516]  ICIR +0.625  hit 0.754  decile +0.01812  n=167
2026-09-05 17:17:43.422 | INFO     | trader.training.supervised:run_signal_walk_forward:1361 - ── W5: train 2014-01-01..2018-12-31  val 2019-04-01..2020-03-31  test 2020-07-01..2021-06-30
2026-09-05 17:17:43.798 | INFO     | trader.training.walk_forward:materialise_window:275 -   W5/train: 795285 rows, 2014-01-01..2018-12-31
2026-09-05 17:17:43.896 | INFO     | trader.training.walk_forward:materialise_window:275 -   W5/val: 159315 rows, 2019-04-01..2020-03-31
2026-09-05 17:17:44.006 | INFO     | trader.training.walk_forward:materialise_window:275 -   W5/test: 161895 rows, 2020-07-01..2021-06-30
2026-09-05 17:17:50.511 | INFO     | trader.training.supervised:run_signal_walk_forward:1391 -   train: 1233 days, 369,478 tradeable rows, labelled rows {5: 367731, 20: 362496}; first 59 days have no full lookback and are not predicted
2026-09-05 17:17:50.513 | INFO     | trader.training.supervised:run_signal_walk_forward:1391 -   val: 247 days, 86,356 tradeable rows, labelled rows {5: 84576, 20: 79239}; first 59 days have no full lookback and are not predicted
2026-09-05 17:17:50.514 | INFO     | trader.training.supervised:run_signal_walk_forward:1391 -   test: 251 days, 91,630 tradeable rows, labelled rows {5: 89760, 20: 84172}; first 59 days have no full lookback and are not predicted
2026-09-05 17:17:50.540 | INFO     | trader.training.supervised:run_signal_walk_forward:1400 -   SignalModel: 363,394 params, embed_dim=128
2026-09-05 17:18:33.029 | INFO     | trader.training.supervised:train_signal_window:1032 -   epoch   1  step     98  loss 1.99345  val IC +0.0329  5d +0.0125 20d +0.0534
2026-09-05 17:19:14.333 | INFO     | trader.training.supervised:train_signal_window:1032 -   epoch   2  step    196  loss 1.98324  val IC +0.0538  5d +0.0394 20d +0.0681
2026-09-05 17:19:55.710 | INFO     | trader.training.supervised:train_signal_window:1032 -   epoch   3  step    294  loss 1.96722  val IC +0.0366  5d +0.0252 20d +0.0480
2026-09-05 17:20:37.026 | INFO     | trader.training.supervised:train_signal_window:1032 -   epoch   4  step    392  loss 1.94331  val IC +0.0491  5d +0.0349 20d +0.0634
2026-09-05 17:21:18.446 | INFO     | trader.training.supervised:train_signal_window:1032 -   epoch   5  step    490  loss 1.90907  val IC +0.0273  5d +0.0212 20d +0.0333
2026-09-05 17:22:00.036 | INFO     | trader.training.supervised:train_signal_window:1032 -   epoch   6  step    588  loss 1.85928  val IC +0.0396  5d +0.0331 20d +0.0462
2026-09-05 17:22:41.510 | INFO     | trader.training.supervised:train_signal_window:1032 -   epoch   7  step    686  loss 1.79817  val IC +0.0286  5d +0.0229 20d +0.0344
2026-09-05 17:22:41.571 | INFO     | trader.training.supervised:train_signal_window:1049 -   early stop: no val-IC improvement for 5 epochs (best +0.0538 at epoch 2)
2026-09-05 17:22:50.976 | INFO     | trader.training.supervised:run_signal_walk_forward:1462 -   W5 val  5d: IC +0.0394 [+0.0087, +0.0704]  ICIR +0.359  hit 0.607  decile +0.00725  n=183
2026-09-05 17:22:50.978 | INFO     | trader.training.supervised:run_signal_walk_forward:1462 -   W5 val 20d: IC +0.0681 [+0.0161, +0.1192]  ICIR +0.625  hit 0.696  decile +0.01584  n=168
2026-09-05 17:22:50.978 | INFO     | trader.training.supervised:run_signal_walk_forward:1462 -   W5 test  5d: IC +0.0361 [+0.0136, +0.0580]  ICIR +0.425  hit 0.658  decile +0.00774  n=187
2026-09-05 17:22:50.979 | INFO     | trader.training.supervised:run_signal_walk_forward:1462 -   W5 test 20d: IC +0.0368 [-0.0023, +0.0768]  ICIR +0.429  hit 0.616  decile +0.01433  n=172
2026-09-05 17:22:51.413 | INFO     | trader.training.supervised:run_signal_walk_forward:1361 - ── W6: train 2015-01-01..2019-12-31  val 2020-04-01..2021-03-31  test 2021-07-01..2022-06-30
2026-09-05 17:22:51.729 | INFO     | trader.training.walk_forward:materialise_window:275 -   W6/train: 795930 rows, 2015-01-01..2019-12-31
2026-09-05 17:22:51.835 | INFO     | trader.training.walk_forward:materialise_window:275 -   W6/val: 160605 rows, 2020-04-01..2021-03-31
2026-09-05 17:22:51.965 | INFO     | trader.training.walk_forward:materialise_window:275 -   W6/test: 160605 rows, 2021-07-01..2022-06-30
2026-09-05 17:22:58.598 | INFO     | trader.training.supervised:run_signal_walk_forward:1391 -   train: 1234 days, 386,477 tradeable rows, labelled rows {5: 384647, 20: 379180}; first 59 days have no full lookback and are not predicted
2026-09-05 17:22:58.600 | INFO     | trader.training.supervised:run_signal_walk_forward:1391 -   val: 249 days, 90,035 tradeable rows, labelled rows {5: 88185, 20: 82649}; first 59 days have no full lookback and are not predicted
2026-09-05 17:22:58.600 | INFO     | trader.training.supervised:run_signal_walk_forward:1391 -   test: 249 days, 95,733 tradeable rows, labelled rows {5: 93738, 20: 87778}; first 59 days have no full lookback and are not predicted
2026-09-05 17:22:58.628 | INFO     | trader.training.supervised:run_signal_walk_forward:1400 -   SignalModel: 363,394 params, embed_dim=128
2026-09-05 17:23:40.656 | INFO     | trader.training.supervised:train_signal_window:1032 -   epoch   1  step     98  loss 1.99402  val IC +0.0603  5d +0.0506 20d +0.0700
2026-09-05 17:24:22.771 | INFO     | trader.training.supervised:train_signal_window:1032 -   epoch   2  step    196  loss 1.98112  val IC +0.0391  5d +0.0338 20d +0.0443
2026-09-05 17:25:04.715 | INFO     | trader.training.supervised:train_signal_window:1032 -   epoch   3  step    294  loss 1.96335  val IC +0.0382  5d +0.0512 20d +0.0252
2026-09-05 17:25:46.480 | INFO     | trader.training.supervised:train_signal_window:1032 -   epoch   4  step    392  loss 1.93778  val IC +0.0396  5d +0.0399 20d +0.0393
2026-09-05 17:26:28.251 | INFO     | trader.training.supervised:train_signal_window:1032 -   epoch   5  step    490  loss 1.89879  val IC +0.0286  5d +0.0442 20d +0.0130
2026-09-05 17:27:09.931 | INFO     | trader.training.supervised:train_signal_window:1032 -   epoch   6  step    588  loss 1.84242  val IC +0.0290  5d +0.0429 20d +0.0152
2026-09-05 17:27:09.984 | INFO     | trader.training.supervised:train_signal_window:1049 -   early stop: no val-IC improvement for 5 epochs (best +0.0603 at epoch 1)
2026-09-05 17:27:19.818 | INFO     | trader.training.supervised:run_signal_walk_forward:1462 -   W6 val  5d: IC +0.0506 [+0.0292, +0.0718]  ICIR +0.598  hit 0.708  decile +0.01022  n=185
2026-09-05 17:27:19.820 | INFO     | trader.training.supervised:run_signal_walk_forward:1462 -   W6 val 20d: IC +0.0700 [+0.0388, +0.1017]  ICIR +1.056  hit 0.847  decile +0.02152  n=170
2026-09-05 17:27:19.821 | INFO     | trader.training.supervised:run_signal_walk_forward:1462 -   W6 test  5d: IC +0.0565 [+0.0288, +0.0825]  ICIR +0.544  hit 0.714  decile +0.00978  n=185
2026-09-05 17:27:19.822 | INFO     | trader.training.supervised:run_signal_walk_forward:1462 -   W6 test 20d: IC +0.0896 [+0.0362, +0.1382]  ICIR +0.916  hit 0.853  decile +0.02963  n=170
2026-09-05 17:27:20.215 | INFO     | trader.training.supervised:run_signal_walk_forward:1361 - ── W7: train 2016-01-01..2020-12-31  val 2021-04-01..2022-03-31  test 2022-07-01..2023-06-30
2026-09-05 17:27:20.646 | INFO     | trader.training.walk_forward:materialise_window:275 -   W7/train: 798510 rows, 2016-01-01..2020-12-31
2026-09-05 17:27:20.807 | INFO     | trader.training.walk_forward:materialise_window:275 -   W7/val: 159960 rows, 2021-04-01..2022-03-31
2026-09-05 17:27:21.005 | INFO     | trader.training.walk_forward:materialise_window:275 -   W7/test: 159315 rows, 2022-07-01..2023-06-30
2026-09-05 17:27:28.458 | INFO     | trader.training.supervised:run_signal_walk_forward:1391 -   train: 1238 days, 406,543 tradeable rows, labelled rows {5: 404674, 20: 399105}; first 59 days have no full lookback and are not predicted
2026-09-05 17:27:28.459 | INFO     | trader.training.supervised:run_signal_walk_forward:1391 -   val: 248 days, 93,830 tradeable rows, labelled rows {5: 91855, 20: 85988}; first 59 days have no full lookback and are not predicted
2026-09-05 17:27:28.460 | INFO     | trader.training.supervised:run_signal_walk_forward:1391 -   test: 247 days, 100,709 tradeable rows, labelled rows {5: 98634, 20: 92409}; first 59 days have no full lookback and are not predicted
2026-09-05 17:27:28.540 | INFO     | trader.training.supervised:run_signal_walk_forward:1400 -   SignalModel: 363,394 params, embed_dim=128
2026-09-05 17:28:10.548 | INFO     | trader.training.supervised:train_signal_window:1032 -   epoch   1  step     98  loss 1.99460  val IC +0.0187  5d +0.0347 20d +0.0027
2026-09-05 17:28:51.845 | INFO     | trader.training.supervised:train_signal_window:1032 -   epoch   2  step    196  loss 1.98184  val IC +0.0245  5d +0.0259 20d +0.0232
2026-09-05 17:29:33.155 | INFO     | trader.training.supervised:train_signal_window:1032 -   epoch   3  step    294  loss 1.96521  val IC +0.0382  5d +0.0451 20d +0.0313
2026-09-05 17:30:14.346 | INFO     | trader.training.supervised:train_signal_window:1032 -   epoch   4  step    392  loss 1.94001  val IC +0.0401  5d +0.0445 20d +0.0358
2026-09-05 17:30:55.595 | INFO     | trader.training.supervised:train_signal_window:1032 -   epoch   5  step    490  loss 1.90742  val IC +0.0430  5d +0.0363 20d +0.0496
2026-09-05 17:31:36.767 | INFO     | trader.training.supervised:train_signal_window:1032 -   epoch   6  step    588  loss 1.85868  val IC +0.0390  5d +0.0304 20d +0.0477
2026-09-05 17:32:17.982 | INFO     | trader.training.supervised:train_signal_window:1032 -   epoch   7  step    686  loss 1.80631  val IC +0.0394  5d +0.0357 20d +0.0431
2026-09-05 17:32:59.241 | INFO     | trader.training.supervised:train_signal_window:1032 -   epoch   8  step    784  loss 1.75576  val IC +0.0335  5d +0.0346 20d +0.0323
2026-09-05 17:33:40.562 | INFO     | trader.training.supervised:train_signal_window:1032 -   epoch   9  step    882  loss 1.69949  val IC +0.0396  5d +0.0340 20d +0.0453
2026-09-05 17:34:21.805 | INFO     | trader.training.supervised:train_signal_window:1032 -   epoch  10  step    980  loss 1.64379  val IC +0.0368  5d +0.0339 20d +0.0398
2026-09-05 17:34:21.851 | INFO     | trader.training.supervised:train_signal_window:1049 -   early stop: no val-IC improvement for 5 epochs (best +0.0430 at epoch 5)
2026-09-05 17:34:30.804 | INFO     | trader.training.supervised:run_signal_walk_forward:1462 -   W7 val  5d: IC +0.0363 [+0.0192, +0.0542]  ICIR +0.502  hit 0.685  decile +0.00234  n=184
2026-09-05 17:34:30.805 | INFO     | trader.training.supervised:run_signal_walk_forward:1462 -   W7 val 20d: IC +0.0496 [+0.0121, +0.0882]  ICIR +0.703  hit 0.751  decile +0.01795  n=169
2026-09-05 17:34:30.806 | INFO     | trader.training.supervised:run_signal_walk_forward:1462 -   W7 test  5d: IC +0.0419 [+0.0240, +0.0610]  ICIR +0.577  hit 0.738  decile +0.00326  n=183
2026-09-05 17:34:30.807 | INFO     | trader.training.supervised:run_signal_walk_forward:1462 -   W7 test 20d: IC +0.0373 [+0.0094, +0.0621]  ICIR +0.564  hit 0.780  decile +0.00139  n=168
2026-09-05 17:34:31.242 | INFO     | trader.training.supervised:run_signal_walk_forward:1361 - ── W8: train 2017-01-01..2021-12-31  val 2022-04-01..2023-03-31  test 2023-07-01..2024-06-30
2026-09-05 17:34:31.549 | INFO     | trader.training.walk_forward:materialise_window:275 -   W8/train: 799155 rows, 2017-01-02..2021-12-31
2026-09-05 17:34:31.635 | INFO     | trader.training.walk_forward:materialise_window:275 -   W8/val: 160605 rows, 2022-04-01..2023-03-31
2026-09-05 17:34:31.723 | INFO     | trader.training.walk_forward:materialise_window:275 -   W8/test: 159315 rows, 2023-07-03..2024-06-28
2026-09-05 17:34:37.311 | INFO     | trader.training.supervised:run_signal_walk_forward:1391 -   train: 1239 days, 426,427 tradeable rows, labelled rows {5: 424469, 20: 418624}; first 59 days have no full lookback and are not predicted
2026-09-05 17:34:37.311 | INFO     | trader.training.supervised:run_signal_walk_forward:1391 -   val: 249 days, 100,432 tradeable rows, labelled rows {5: 98368, 20: 92188}; first 59 days have no full lookback and are not predicted
2026-09-05 17:34:37.312 | INFO     | trader.training.supervised:run_signal_walk_forward:1391 -   test: 247 days, 105,945 tradeable rows, labelled rows {5: 103725, 20: 97065}; first 59 days have no full lookback and are not predicted
2026-09-05 17:34:37.335 | INFO     | trader.training.supervised:run_signal_walk_forward:1400 -   SignalModel: 363,394 params, embed_dim=128
2026-09-05 17:35:19.157 | INFO     | trader.training.supervised:train_signal_window:1032 -   epoch   1  step     98  loss 1.99365  val IC +0.0448  5d +0.0404 20d +0.0491
2026-09-05 17:36:00.540 | INFO     | trader.training.supervised:train_signal_window:1032 -   epoch   2  step    196  loss 1.97866  val IC +0.0338  5d +0.0354 20d +0.0323
2026-09-05 17:36:42.042 | INFO     | trader.training.supervised:train_signal_window:1032 -   epoch   3  step    294  loss 1.95859  val IC +0.0473  5d +0.0465 20d +0.0480
2026-09-05 17:37:23.462 | INFO     | trader.training.supervised:train_signal_window:1032 -   epoch   4  step    392  loss 1.93034  val IC +0.0422  5d +0.0393 20d +0.0452
2026-09-05 17:38:05.025 | INFO     | trader.training.supervised:train_signal_window:1032 -   epoch   5  step    490  loss 1.89390  val IC +0.0554  5d +0.0565 20d +0.0544
2026-09-05 17:38:46.504 | INFO     | trader.training.supervised:train_signal_window:1032 -   epoch   6  step    588  loss 1.85117  val IC +0.0423  5d +0.0511 20d +0.0335
2026-09-05 17:39:27.983 | INFO     | trader.training.supervised:train_signal_window:1032 -   epoch   7  step    686  loss 1.78983  val IC +0.0347  5d +0.0367 20d +0.0328
2026-09-05 17:40:09.449 | INFO     | trader.training.supervised:train_signal_window:1032 -   epoch   8  step    784  loss 1.72946  val IC +0.0303  5d +0.0394 20d +0.0212
2026-09-05 17:40:50.976 | INFO     | trader.training.supervised:train_signal_window:1032 -   epoch   9  step    882  loss 1.66744  val IC +0.0368  5d +0.0439 20d +0.0298
2026-09-05 17:41:32.462 | INFO     | trader.training.supervised:train_signal_window:1032 -   epoch  10  step    980  loss 1.61223  val IC +0.0373  5d +0.0423 20d +0.0323
2026-09-05 17:41:32.498 | INFO     | trader.training.supervised:train_signal_window:1049 -   early stop: no val-IC improvement for 5 epochs (best +0.0554 at epoch 5)
2026-09-05 17:41:41.739 | INFO     | trader.training.supervised:run_signal_walk_forward:1462 -   W8 val  5d: IC +0.0565 [+0.0399, +0.0734]  ICIR +0.804  hit 0.816  decile +0.00669  n=185
2026-09-05 17:41:41.740 | INFO     | trader.training.supervised:run_signal_walk_forward:1462 -   W8 val 20d: IC +0.0544 [+0.0264, +0.0865]  ICIR +0.892  hit 0.806  decile +0.01460  n=170
2026-09-05 17:41:41.741 | INFO     | trader.training.supervised:run_signal_walk_forward:1462 -   W8 test  5d: IC +0.0226 [+0.0050, +0.0410]  ICIR +0.286  hit 0.634  decile +0.00500  n=183
2026-09-05 17:41:41.741 | INFO     | trader.training.supervised:run_signal_walk_forward:1462 -   W8 test 20d: IC +0.0141 [-0.0298, +0.0555]  ICIR +0.180  hit 0.560  decile +0.01349  n=168
2026-09-05 17:44:06.441 | INFO     | trader.training.supervised:run_signal_walk_forward:1550 - POOLED OOS  5d: IC +0.0415 [+0.0329, +0.0501]  ICIR +0.442  hit 0.689  decile +0.00692  n_days=1468
2026-09-05 17:44:06.441 | INFO     | trader.training.supervised:run_signal_walk_forward:1550 - POOLED OOS 20d: IC +0.0456 [+0.0297, +0.0626]  ICIR +0.509  hit 0.718  decile +0.01586  n_days=1348
2026-09-05 17:44:06.441 | INFO     | trader.training.supervised:run_signal_walk_forward:1555 - R4 GATE: FAIL
  horizon   5d: fail
  horizon  20d: fail
  - W3 h=5: mean IC +0.0198 <= 0.020
  - W3 h=5: 95% CI [-0.0144, +0.0518] includes zero
  - W3 h=20: mean IC +0.0070 <= 0.020
  - W3 h=20: 95% CI [-0.0529, +0.0600] includes zero
  - W5 h=20: 95% CI [-0.0023, +0.0768] includes zero
  - W8 h=20: mean IC +0.0141 <= 0.020
  - W8 h=20: 95% CI [-0.0298, +0.0555] includes zero
2026-09-05 17:44:07.013 | INFO     | __main__:main:240 - R4 GATE: FAIL
  horizon   5d: fail
  horizon  20d: fail
  - W3 h=5: mean IC +0.0198 <= 0.020
  - W3 h=5: 95% CI [-0.0144, +0.0518] includes zero
  - W3 h=20: mean IC +0.0070 <= 0.020
  - W3 h=20: 95% CI [-0.0529, +0.0600] includes zero
  - W5 h=20: 95% CI [-0.0023, +0.0768] includes zero
  - W8 h=20: mean IC +0.0141 <= 0.020
  - W8 h=20: 95% CI [-0.0298, +0.0555] includes zero
2026-09-05 17:44:07.014 | INFO     | __main__:main:242 -   embeddings: /mnt/d/trading-bot-01/data/signal/r4_v1/embeddings.npy
2026-09-05 17:44:07.014 | INFO     | __main__:main:242 -   gate: /mnt/d/trading-bot-01/data/signal/r4_v1/gate.json
2026-09-05 17:44:07.015 | INFO     | __main__:main:242 -   index: /mnt/d/trading-bot-01/data/signal/r4_v1/index.json
2026-09-05 17:44:07.015 | INFO     | __main__:main:242 -   model: /mnt/d/trading-bot-01/data/signal/r4_v1/signal_model.pt
2026-09-05 17:44:07.015 | INFO     | __main__:main:242 -   predictions: /mnt/d/trading-bot-01/data/signal/r4_v1/predictions.parquet
2026-09-05 17:44:07.015 | INFO     | __main__:main:244 - MLflow run ids: ['57bb92eb7c834bc7a6dc86e56665ffa8', 'dbe8e1fc2ff84afbacc521cebcca7b13', '0fc5ef7b50894088944e9253f70eaff6', '370be5ebd3544e8ea9b954102e1aadec', 'f5f10cbee2e04a1187c0e1a7d0aeacdf', 'd583bb76a4364eb993e5b22026df4219', '6c763295ea1745e18c2651203fc44253', '34fbb44934274970bc4fd3b71adb2e4f']
🏃 View run r4_v1_W1 at: http://localhost:5555/#/experiments/1/runs/57bb92eb7c834bc7a6dc86e56665ffa8
🧪 View experiment at: http://localhost:5555/#/experiments/1
🏃 View run r4_v1_W2 at: http://localhost:5555/#/experiments/1/runs/dbe8e1fc2ff84afbacc521cebcca7b13
🧪 View experiment at: http://localhost:5555/#/experiments/1
🏃 View run r4_v1_W3 at: http://localhost:5555/#/experiments/1/runs/0fc5ef7b50894088944e9253f70eaff6
🧪 View experiment at: http://localhost:5555/#/experiments/1
🏃 View run r4_v1_W4 at: http://localhost:5555/#/experiments/1/runs/370be5ebd3544e8ea9b954102e1aadec
🧪 View experiment at: http://localhost:5555/#/experiments/1
🏃 View run r4_v1_W5 at: http://localhost:5555/#/experiments/1/runs/f5f10cbee2e04a1187c0e1a7d0aeacdf
🧪 View experiment at: http://localhost:5555/#/experiments/1
🏃 View run r4_v1_W6 at: http://localhost:5555/#/experiments/1/runs/d583bb76a4364eb993e5b22026df4219
🧪 View experiment at: http://localhost:5555/#/experiments/1
🏃 View run r4_v1_W7 at: http://localhost:5555/#/experiments/1/runs/6c763295ea1745e18c2651203fc44253
🧪 View experiment at: http://localhost:5555/#/experiments/1
🏃 View run r4_v1_W8 at: http://localhost:5555/#/experiments/1/runs/34fbb44934274970bc4fd3b71adb2e4f
🧪 View experiment at: http://localhost:5555/#/experiments/1
🏃 View run r4_v1_summary at: http://localhost:5555/#/experiments/1/runs/aaa58987a7da433fac1bcd16adff3d89
🧪 View experiment at: http://localhost:5555/#/experiments/1
