2026-09-06 04:30:09.887 | INFO     | trader.data.features:resolve_panels_root:115 - Panels root: /mnt/d/trading-bot-01/data/panels_kite  (data.panels_root)
2026-09-06 04:30:10.055 | INFO     | trader.data.features:resolve_panels_root:142 -   train.parquet: 645 tickers, 3,038,595 rows, 2005-01-03..2023-12-29
2026-09-06 04:30:10.067 | INFO     | trader.data.features:resolve_panels_root:142 -   val.parquet: 645 tickers, 120,615 rows, 2024-04-01..2024-12-31
2026-09-06 04:30:10.078 | INFO     | trader.data.features:resolve_panels_root:142 -   test.parquet: 645 tickers, 228,975 rows, 2025-04-01..2026-09-04
2026-09-06 04:30:10.158 | INFO     | trader.data.features:resolve_panels_root:142 -   full.parquet: 645 tickers, 3,468,165 rows, 2005-01-03..2026-09-04
2026-09-06 04:30:11.205 | INFO     | __main__:main:113 - Resolved panel: /mnt/d/trading-bot-01/data/panels_kite/full.parquet  (3,468,165 rows, 645 tickers, 2005-01-03..2026-09-04)
2026-09-06 04:30:11.207 | INFO     | __main__:main:118 - Universe: active_tickers() = 504 tickers; the model's ticker axis is that order, and index.json['tickers'] matches it.
2026-09-06 04:30:11.215 | INFO     | __main__:main:138 - Features (15): log_return_1d, log_return_5d, log_return_20d, realized_vol_20d, realized_vol_60d, rsi_14, macd, macd_signal, macd_hist, bbw_20, z_close_20, volume_z_20, dollar_volume_20, atr_14, beta_nifty_60d
2026-09-06 04:30:11.217 | INFO     | __main__:main:162 - Walk-forward span bounded to 2010-01-01..2024-12-31 (panel is 2005-01-03..2026-09-04).
2026-09-06 04:30:11.218 | WARNING  | trader.training.walk_forward:compute_windows:178 - Window W9 truncated/skipped: test_end 2025-06-30 > data_end 2024-12-31
2026-09-06 04:30:11.219 | INFO     | __main__:main:181 - 8 walk-forward window(s):
2026-09-06 04:30:11.220 | INFO     | __main__:main:183 -   W1: {'name': 'W1', 'train_start': '2010-01-01', 'train_end': '2014-12-31', 'val_start': '2015-04-01', 'val_end': '2016-03-31', 'test_start': '2016-07-01', 'test_end': '2017-06-30'}
2026-09-06 04:30:11.220 | INFO     | __main__:main:183 -   W2: {'name': 'W2', 'train_start': '2011-01-01', 'train_end': '2015-12-31', 'val_start': '2016-04-01', 'val_end': '2017-03-31', 'test_start': '2017-07-01', 'test_end': '2018-06-30'}
2026-09-06 04:30:11.221 | INFO     | __main__:main:183 -   W3: {'name': 'W3', 'train_start': '2012-01-01', 'train_end': '2016-12-31', 'val_start': '2017-04-01', 'val_end': '2018-03-31', 'test_start': '2018-07-01', 'test_end': '2019-06-30'}
2026-09-06 04:30:11.222 | INFO     | __main__:main:183 -   W4: {'name': 'W4', 'train_start': '2013-01-01', 'train_end': '2017-12-31', 'val_start': '2018-04-01', 'val_end': '2019-03-31', 'test_start': '2019-07-01', 'test_end': '2020-06-30'}
2026-09-06 04:30:11.223 | INFO     | __main__:main:183 -   W5: {'name': 'W5', 'train_start': '2014-01-01', 'train_end': '2018-12-31', 'val_start': '2019-04-01', 'val_end': '2020-03-31', 'test_start': '2020-07-01', 'test_end': '2021-06-30'}
2026-09-06 04:30:11.224 | INFO     | __main__:main:183 -   W6: {'name': 'W6', 'train_start': '2015-01-01', 'train_end': '2019-12-31', 'val_start': '2020-04-01', 'val_end': '2021-03-31', 'test_start': '2021-07-01', 'test_end': '2022-06-30'}
2026-09-06 04:30:11.224 | INFO     | __main__:main:183 -   W7: {'name': 'W7', 'train_start': '2016-01-01', 'train_end': '2020-12-31', 'val_start': '2021-04-01', 'val_end': '2022-03-31', 'test_start': '2022-07-01', 'test_end': '2023-06-30'}
2026-09-06 04:30:11.225 | INFO     | __main__:main:183 -   W8: {'name': 'W8', 'train_start': '2017-01-01', 'train_end': '2021-12-31', 'val_start': '2022-04-01', 'val_end': '2023-03-31', 'test_start': '2023-07-01', 'test_end': '2024-06-30'}
2026-09-06 04:30:11.226 | INFO     | __main__:main:220 - Artefacts → /mnt/d/trading-bot-01/data/signal/r4_v2  (MLflow port: 5555)
2026-09-06 04:30:11.914 | INFO     | trader.training.supervised:run_signal_walk_forward:1377 - R4 signal walk-forward: tag=r4_v2 device=cuda windows=8 tickers=504 features=15 lookback=60 horizons=(5, 20)
2026-09-06 04:30:19.318 | INFO     | trader.training.supervised:run_signal_walk_forward:1396 - ── W1: train 2010-01-01..2014-12-31  val 2015-04-01..2016-03-31  test 2016-07-01..2017-06-30
2026-09-06 04:30:19.617 | INFO     | trader.training.walk_forward:materialise_window:334 -   W1/train: 802380 rows, 2010-01-04..2014-12-31
2026-09-06 04:30:19.687 | INFO     | trader.training.walk_forward:materialise_window:334 -   W1/val: 159315 rows, 2015-04-01..2016-03-31
2026-09-06 04:30:19.691 | INFO     | trader.training.walk_forward:materialise_window:317 -   W1/test: 59 warm-up day(s) 2016-04-06..2016-07-01 prepended as feature context (unlabelled, unscored)
2026-09-06 04:30:19.769 | INFO     | trader.training.walk_forward:materialise_window:334 -   W1/test: 197370 rows, 2016-04-06..2017-06-30
2026-09-06 04:30:24.810 | INFO     | trader.training.supervised:run_signal_walk_forward:1439 -   train: 1244 days, 332,824 tradeable rows, labelled rows {5: 331430, 20: 327260}; first 59 days have no full lookback; 1185 predictable day(s)
2026-09-06 04:30:24.811 | INFO     | trader.training.supervised:run_signal_walk_forward:1439 -   val: 247 days, 70,684 tradeable rows, labelled rows {5: 69214, 20: 64830}; first 59 days have no full lookback; 188 predictable day(s)
2026-09-06 04:30:24.811 | INFO     | trader.training.supervised:run_signal_walk_forward:1439 -   test: 306 days, 92,240 tradeable rows, labelled rows {5: 73450, 20: 68785}; 59 warm-up day(s) as feature context, unlabelled; 247 predictable day(s)
2026-09-06 04:30:25.781 | INFO     | trader.training.supervised:run_signal_walk_forward:1448 -   SignalModel: 363,394 params, embed_dim=128
2026-09-06 04:31:26.266 | INFO     | trader.training.supervised:train_signal_window:1067 -   epoch   1  step     99  loss 1.98776  val IC +0.0503  5d +0.0426 20d +0.0580
2026-09-06 04:33:31.525 | INFO     | trader.training.supervised:train_signal_window:1067 -   epoch   2  step    198  loss 1.97389  val IC +0.0663  5d +0.0530 20d +0.0795
2026-09-06 04:35:36.807 | INFO     | trader.training.supervised:train_signal_window:1067 -   epoch   3  step    297  loss 1.95678  val IC +0.0631  5d +0.0509 20d +0.0754
2026-09-06 04:37:42.229 | INFO     | trader.training.supervised:train_signal_window:1067 -   epoch   4  step    396  loss 1.92628  val IC +0.0587  5d +0.0474 20d +0.0701
2026-09-06 04:39:47.502 | INFO     | trader.training.supervised:train_signal_window:1067 -   epoch   5  step    495  loss 1.88595  val IC +0.0584  5d +0.0509 20d +0.0658
2026-09-06 04:41:51.600 | INFO     | trader.training.supervised:train_signal_window:1067 -   epoch   6  step    594  loss 1.83013  val IC +0.0601  5d +0.0489 20d +0.0713
2026-09-06 04:43:54.180 | INFO     | trader.training.supervised:train_signal_window:1067 -   epoch   7  step    693  loss 1.76885  val IC +0.0516  5d +0.0463 20d +0.0569
2026-09-06 04:43:54.211 | INFO     | trader.training.supervised:train_signal_window:1084 -   early stop: no val-IC improvement for 5 epochs (best +0.0663 at epoch 2)
2026-09-06 04:44:17.111 | INFO     | trader.training.supervised:run_signal_walk_forward:1510 -   W1 val  5d: IC +0.0530 [+0.0228, +0.0842]  ICIR +0.474  hit 0.667  decile +0.01001  n=183
2026-09-06 04:44:17.112 | INFO     | trader.training.supervised:run_signal_walk_forward:1510 -   W1 val 20d: IC +0.0795 [+0.0406, +0.1164]  ICIR +0.858  hit 0.798  decile +0.02527  n=168
2026-09-06 04:44:17.113 | INFO     | trader.training.supervised:run_signal_walk_forward:1510 -   W1 test  5d: IC +0.0499 [+0.0305, +0.0668]  ICIR +0.605  hit 0.744  decile +0.00580  n=242
2026-09-06 04:44:17.113 | INFO     | trader.training.supervised:run_signal_walk_forward:1510 -   W1 test 20d: IC +0.0582 [+0.0336, +0.0800]  ICIR +0.896  hit 0.824  decile +0.02538  n=227
2026-09-06 04:44:17.436 | INFO     | trader.training.supervised:run_signal_walk_forward:1396 - ── W2: train 2011-01-01..2015-12-31  val 2016-04-01..2017-03-31  test 2017-07-01..2018-06-30
2026-09-06 04:44:17.720 | INFO     | trader.training.walk_forward:materialise_window:334 -   W2/train: 799800 rows, 2011-01-03..2015-12-31
2026-09-06 04:44:17.793 | INFO     | trader.training.walk_forward:materialise_window:334 -   W2/val: 159960 rows, 2016-04-01..2017-03-31
2026-09-06 04:44:17.795 | INFO     | trader.training.walk_forward:materialise_window:317 -   W2/test: 59 warm-up day(s) 2017-04-06..2017-07-01 prepended as feature context (unlabelled, unscored)
2026-09-06 04:44:17.875 | INFO     | trader.training.walk_forward:materialise_window:334 -   W2/test: 198660 rows, 2017-04-06..2018-06-29
2026-09-06 04:44:23.492 | INFO     | trader.training.supervised:run_signal_walk_forward:1439 -   train: 1240 days, 340,289 tradeable rows, labelled rows {5: 338829, 20: 334449}; first 59 days have no full lookback; 1181 predictable day(s)
2026-09-06 04:44:23.493 | INFO     | trader.training.supervised:run_signal_walk_forward:1439 -   val: 248 days, 74,190 tradeable rows, labelled rows {5: 72640, 20: 67998}; first 59 days have no full lookback; 189 predictable day(s)
2026-09-06 04:44:23.495 | INFO     | trader.training.supervised:run_signal_walk_forward:1439 -   test: 308 days, 97,984 tradeable rows, labelled rows {5: 77991, 20: 73001}; 59 warm-up day(s) as feature context, unlabelled; 249 predictable day(s)
2026-09-06 04:44:23.524 | INFO     | trader.training.supervised:run_signal_walk_forward:1448 -   SignalModel: 363,394 params, embed_dim=128
2026-09-06 04:46:26.945 | INFO     | trader.training.supervised:train_signal_window:1067 -   epoch   1  step     98  loss 1.98910  val IC +0.0353  5d +0.0313 20d +0.0393
2026-09-06 04:48:29.587 | INFO     | trader.training.supervised:train_signal_window:1067 -   epoch   2  step    196  loss 1.97719  val IC +0.0492  5d +0.0402 20d +0.0581
2026-09-06 04:50:32.108 | INFO     | trader.training.supervised:train_signal_window:1067 -   epoch   3  step    294  loss 1.96125  val IC +0.0512  5d +0.0485 20d +0.0538
2026-09-06 04:52:34.700 | INFO     | trader.training.supervised:train_signal_window:1067 -   epoch   4  step    392  loss 1.93384  val IC +0.0560  5d +0.0484 20d +0.0635
2026-09-06 04:54:37.169 | INFO     | trader.training.supervised:train_signal_window:1067 -   epoch   5  step    490  loss 1.88966  val IC +0.0377  5d +0.0368 20d +0.0386
2026-09-06 04:56:39.727 | INFO     | trader.training.supervised:train_signal_window:1067 -   epoch   6  step    588  loss 1.83609  val IC +0.0570  5d +0.0513 20d +0.0627
2026-09-06 04:58:42.357 | INFO     | trader.training.supervised:train_signal_window:1067 -   epoch   7  step    686  loss 1.76858  val IC +0.0495  5d +0.0506 20d +0.0483
2026-09-06 05:00:44.960 | INFO     | trader.training.supervised:train_signal_window:1067 -   epoch   8  step    784  loss 1.69807  val IC +0.0410  5d +0.0428 20d +0.0392
2026-09-06 05:02:47.584 | INFO     | trader.training.supervised:train_signal_window:1067 -   epoch   9  step    882  loss 1.62585  val IC +0.0355  5d +0.0380 20d +0.0330
2026-09-06 05:04:50.155 | INFO     | trader.training.supervised:train_signal_window:1067 -   epoch  10  step    980  loss 1.56969  val IC +0.0365  5d +0.0411 20d +0.0319
2026-09-06 05:06:52.738 | INFO     | trader.training.supervised:train_signal_window:1067 -   epoch  11  step   1078  loss 1.51224  val IC +0.0415  5d +0.0403 20d +0.0426
2026-09-06 05:06:52.758 | INFO     | trader.training.supervised:train_signal_window:1084 -   early stop: no val-IC improvement for 5 epochs (best +0.0570 at epoch 6)
2026-09-06 05:07:15.870 | INFO     | trader.training.supervised:run_signal_walk_forward:1510 -   W2 val  5d: IC +0.0513 [+0.0302, +0.0725]  ICIR +0.622  hit 0.750  decile +0.00714  n=184
2026-09-06 05:07:15.871 | INFO     | trader.training.supervised:run_signal_walk_forward:1510 -   W2 val 20d: IC +0.0627 [+0.0335, +0.0897]  ICIR +0.870  hit 0.817  decile +0.02411  n=169
2026-09-06 05:07:15.872 | INFO     | trader.training.supervised:run_signal_walk_forward:1510 -   W2 test  5d: IC +0.0625 [+0.0413, +0.0827]  ICIR +0.693  hit 0.762  decile +0.00576  n=244
2026-09-06 05:07:15.873 | INFO     | trader.training.supervised:run_signal_walk_forward:1510 -   W2 test 20d: IC +0.0708 [+0.0327, +0.1045]  ICIR +0.778  hit 0.777  decile +0.00937  n=229
2026-09-06 05:07:16.243 | INFO     | trader.training.supervised:run_signal_walk_forward:1396 - ── W3: train 2012-01-01..2016-12-31  val 2017-04-01..2018-03-31  test 2018-07-01..2019-06-30
2026-09-06 05:07:16.550 | INFO     | trader.training.walk_forward:materialise_window:334 -   W3/train: 799800 rows, 2012-01-02..2016-12-30
2026-09-06 05:07:16.634 | INFO     | trader.training.walk_forward:materialise_window:334 -   W3/val: 158670 rows, 2017-04-03..2018-03-28
2026-09-06 05:07:16.636 | INFO     | trader.training.walk_forward:materialise_window:317 -   W3/test: 59 warm-up day(s) 2018-04-09..2018-07-01 prepended as feature context (unlabelled, unscored)
2026-09-06 05:07:16.725 | INFO     | trader.training.walk_forward:materialise_window:334 -   W3/test: 195435 rows, 2018-04-09..2019-06-28
2026-09-06 05:07:21.956 | INFO     | trader.training.supervised:run_signal_walk_forward:1439 -   train: 1240 days, 348,233 tradeable rows, labelled rows {5: 346679, 20: 342048}; first 59 days have no full lookback; 1181 predictable day(s)
2026-09-06 05:07:21.957 | INFO     | trader.training.supervised:run_signal_walk_forward:1439 -   val: 246 days, 77,495 tradeable rows, labelled rows {5: 75860, 20: 70955}; first 59 days have no full lookback; 187 predictable day(s)
2026-09-06 05:07:21.957 | INFO     | trader.training.supervised:run_signal_walk_forward:1439 -   test: 303 days, 102,251 tradeable rows, labelled rows {5: 81014, 20: 75720}; 59 warm-up day(s) as feature context, unlabelled; 244 predictable day(s)
2026-09-06 05:07:21.973 | INFO     | trader.training.supervised:run_signal_walk_forward:1448 -   SignalModel: 363,394 params, embed_dim=128
2026-09-06 05:09:32.720 | INFO     | trader.training.supervised:train_signal_window:1067 -   epoch   1  step     98  loss 1.99073  val IC +0.0561  5d +0.0446 20d +0.0676
2026-09-06 05:11:42.096 | INFO     | trader.training.supervised:train_signal_window:1067 -   epoch   2  step    196  loss 1.97890  val IC +0.0630  5d +0.0481 20d +0.0779
2026-09-06 05:13:45.698 | INFO     | trader.training.supervised:train_signal_window:1067 -   epoch   3  step    294  loss 1.96378  val IC +0.0606  5d +0.0484 20d +0.0727
2026-09-06 05:15:48.346 | INFO     | trader.training.supervised:train_signal_window:1067 -   epoch   4  step    392  loss 1.94285  val IC +0.0583  5d +0.0527 20d +0.0640
2026-09-06 05:17:50.986 | INFO     | trader.training.supervised:train_signal_window:1067 -   epoch   5  step    490  loss 1.91164  val IC +0.0532  5d +0.0490 20d +0.0575
2026-09-06 05:19:53.575 | INFO     | trader.training.supervised:train_signal_window:1067 -   epoch   6  step    588  loss 1.86434  val IC +0.0594  5d +0.0499 20d +0.0690
2026-09-06 05:21:56.181 | INFO     | trader.training.supervised:train_signal_window:1067 -   epoch   7  step    686  loss 1.80405  val IC +0.0547  5d +0.0518 20d +0.0577
2026-09-06 05:21:56.205 | INFO     | trader.training.supervised:train_signal_window:1084 -   early stop: no val-IC improvement for 5 epochs (best +0.0630 at epoch 2)
2026-09-06 05:22:19.253 | INFO     | trader.training.supervised:run_signal_walk_forward:1510 -   W3 val  5d: IC +0.0481 [+0.0172, +0.0813]  ICIR +0.373  hit 0.582  decile +0.00466  n=182
2026-09-06 05:22:19.253 | INFO     | trader.training.supervised:run_signal_walk_forward:1510 -   W3 val 20d: IC +0.0779 [+0.0284, +0.1280]  ICIR +0.668  hit 0.754  decile +0.00685  n=167
2026-09-06 05:22:19.254 | INFO     | trader.training.supervised:run_signal_walk_forward:1510 -   W3 test  5d: IC +0.0229 [-0.0066, +0.0527]  ICIR +0.176  hit 0.586  decile +0.00458  n=239
2026-09-06 05:22:19.254 | INFO     | trader.training.supervised:run_signal_walk_forward:1510 -   W3 test 20d: IC +0.0154 [-0.0358, +0.0647]  ICIR +0.129  hit 0.562  decile +0.01268  n=224
2026-09-06 05:22:19.590 | INFO     | trader.training.supervised:run_signal_walk_forward:1396 - ── W4: train 2013-01-01..2017-12-31  val 2018-04-01..2019-03-31  test 2019-07-01..2020-06-30
2026-09-06 05:22:19.870 | INFO     | trader.training.walk_forward:materialise_window:334 -   W4/train: 797865 rows, 2013-01-01..2017-12-29
2026-09-06 05:22:19.939 | INFO     | trader.training.walk_forward:materialise_window:334 -   W4/val: 159960 rows, 2018-04-02..2019-03-29
2026-09-06 05:22:19.942 | INFO     | trader.training.walk_forward:materialise_window:317 -   W4/test: 59 warm-up day(s) 2019-04-02..2019-07-01 prepended as feature context (unlabelled, unscored)
2026-09-06 05:22:20.028 | INFO     | trader.training.walk_forward:materialise_window:334 -   W4/test: 196725 rows, 2019-04-02..2020-06-30
2026-09-06 05:22:25.220 | INFO     | trader.training.supervised:run_signal_walk_forward:1439 -   train: 1237 days, 356,773 tradeable rows, labelled rows {5: 355146, 20: 350299}; first 59 days have no full lookback; 1178 predictable day(s)
2026-09-06 05:22:25.221 | INFO     | trader.training.supervised:run_signal_walk_forward:1439 -   val: 248 days, 83,315 tradeable rows, labelled rows {5: 81585, 20: 76395}; first 59 days have no full lookback; 189 predictable day(s)
2026-09-06 05:22:25.222 | INFO     | trader.training.supervised:run_signal_walk_forward:1439 -   test: 305 days, 107,093 tradeable rows, labelled rows {5: 85065, 20: 79694}; 59 warm-up day(s) as feature context, unlabelled; 246 predictable day(s)
2026-09-06 05:22:25.241 | INFO     | trader.training.supervised:run_signal_walk_forward:1448 -   SignalModel: 363,394 params, embed_dim=128
2026-09-06 05:24:27.470 | INFO     | trader.training.supervised:train_signal_window:1067 -   epoch   1  step     98  loss 1.98914  val IC -0.0103  5d -0.0056 20d -0.0151
2026-09-06 05:26:29.275 | INFO     | trader.training.supervised:train_signal_window:1067 -   epoch   2  step    196  loss 1.97558  val IC -0.0014  5d +0.0009 20d -0.0036
2026-09-06 05:28:31.693 | INFO     | trader.training.supervised:train_signal_window:1067 -   epoch   3  step    294  loss 1.96062  val IC -0.0001  5d +0.0095 20d -0.0096
2026-09-06 05:30:33.704 | INFO     | trader.training.supervised:train_signal_window:1067 -   epoch   4  step    392  loss 1.93406  val IC +0.0044  5d +0.0002 20d +0.0086
2026-09-06 05:32:35.516 | INFO     | trader.training.supervised:train_signal_window:1067 -   epoch   5  step    490  loss 1.89535  val IC +0.0089  5d +0.0111 20d +0.0068
2026-09-06 05:34:37.331 | INFO     | trader.training.supervised:train_signal_window:1067 -   epoch   6  step    588  loss 1.84432  val IC -0.0194  5d -0.0192 20d -0.0196
2026-09-06 05:36:39.157 | INFO     | trader.training.supervised:train_signal_window:1067 -   epoch   7  step    686  loss 1.77475  val IC +0.0103  5d +0.0084 20d +0.0121
2026-09-06 05:38:40.888 | INFO     | trader.training.supervised:train_signal_window:1067 -   epoch   8  step    784  loss 1.69949  val IC +0.0137  5d +0.0155 20d +0.0119
2026-09-06 05:40:42.716 | INFO     | trader.training.supervised:train_signal_window:1067 -   epoch   9  step    882  loss 1.62605  val IC +0.0065  5d +0.0118 20d +0.0013
2026-09-06 05:42:44.451 | INFO     | trader.training.supervised:train_signal_window:1067 -   epoch  10  step    980  loss 1.56512  val IC +0.0286  5d +0.0317 20d +0.0254
2026-09-06 05:44:46.185 | INFO     | trader.training.supervised:train_signal_window:1067 -   epoch  11  step   1078  loss 1.50547  val IC +0.0283  5d +0.0274 20d +0.0292
2026-09-06 05:46:48.193 | INFO     | trader.training.supervised:train_signal_window:1067 -   epoch  12  step   1176  loss 1.44622  val IC +0.0145  5d +0.0140 20d +0.0149
2026-09-06 05:48:49.934 | INFO     | trader.training.supervised:train_signal_window:1067 -   epoch  13  step   1274  loss 1.39662  val IC +0.0156  5d +0.0173 20d +0.0139
2026-09-06 05:50:51.682 | INFO     | trader.training.supervised:train_signal_window:1067 -   epoch  14  step   1372  loss 1.35795  val IC +0.0328  5d +0.0290 20d +0.0366
2026-09-06 05:52:53.522 | INFO     | trader.training.supervised:train_signal_window:1067 -   epoch  15  step   1470  loss 1.31684  val IC +0.0240  5d +0.0250 20d +0.0231
2026-09-06 05:54:55.371 | INFO     | trader.training.supervised:train_signal_window:1067 -   epoch  16  step   1568  loss 1.28329  val IC +0.0103  5d +0.0083 20d +0.0124
2026-09-06 05:56:57.125 | INFO     | trader.training.supervised:train_signal_window:1067 -   epoch  17  step   1666  loss 1.25026  val IC +0.0126  5d +0.0160 20d +0.0091
2026-09-06 05:58:58.920 | INFO     | trader.training.supervised:train_signal_window:1067 -   epoch  18  step   1764  loss 1.22483  val IC +0.0114  5d +0.0122 20d +0.0106
2026-09-06 06:01:00.784 | INFO     | trader.training.supervised:train_signal_window:1067 -   epoch  19  step   1862  loss 1.19955  val IC +0.0156  5d +0.0181 20d +0.0131
2026-09-06 06:01:00.809 | INFO     | trader.training.supervised:train_signal_window:1084 -   early stop: no val-IC improvement for 5 epochs (best +0.0328 at epoch 14)
2026-09-06 06:01:23.881 | INFO     | trader.training.supervised:run_signal_walk_forward:1510 -   W4 val  5d: IC +0.0290 [+0.0108, +0.0467]  ICIR +0.379  hit 0.647  decile +0.00209  n=184
2026-09-06 06:01:23.882 | INFO     | trader.training.supervised:run_signal_walk_forward:1510 -   W4 val 20d: IC +0.0366 [+0.0128, +0.0630]  ICIR +0.566  hit 0.710  decile +0.00363  n=169
2026-09-06 06:01:23.883 | INFO     | trader.training.supervised:run_signal_walk_forward:1510 -   W4 test  5d: IC +0.0295 [+0.0083, +0.0493]  ICIR +0.336  hit 0.647  decile +0.00885  n=241
2026-09-06 06:01:23.884 | INFO     | trader.training.supervised:run_signal_walk_forward:1510 -   W4 test 20d: IC +0.0275 [+0.0033, +0.0508]  ICIR +0.418  hit 0.664  decile +0.01584  n=226
2026-09-06 06:01:24.257 | INFO     | trader.training.supervised:run_signal_walk_forward:1396 - ── W5: train 2014-01-01..2018-12-31  val 2019-04-01..2020-03-31  test 2020-07-01..2021-06-30
2026-09-06 06:01:24.555 | INFO     | trader.training.walk_forward:materialise_window:334 -   W5/train: 795285 rows, 2014-01-01..2018-12-31
2026-09-06 06:01:24.636 | INFO     | trader.training.walk_forward:materialise_window:334 -   W5/val: 159315 rows, 2019-04-01..2020-03-31
2026-09-06 06:01:24.638 | INFO     | trader.training.walk_forward:materialise_window:317 -   W5/test: 59 warm-up day(s) 2020-04-01..2020-07-01 prepended as feature context (unlabelled, unscored)
2026-09-06 06:01:24.733 | INFO     | trader.training.walk_forward:materialise_window:334 -   W5/test: 199950 rows, 2020-04-01..2021-06-30
2026-09-06 06:01:29.989 | INFO     | trader.training.supervised:run_signal_walk_forward:1439 -   train: 1233 days, 369,478 tradeable rows, labelled rows {5: 367731, 20: 362496}; first 59 days have no full lookback; 1174 predictable day(s)
2026-09-06 06:01:29.990 | INFO     | trader.training.supervised:run_signal_walk_forward:1439 -   val: 247 days, 86,356 tradeable rows, labelled rows {5: 84576, 20: 79239}; first 59 days have no full lookback; 188 predictable day(s)
2026-09-06 06:01:29.991 | INFO     | trader.training.supervised:run_signal_walk_forward:1439 -   test: 310 days, 112,706 tradeable rows, labelled rows {5: 89760, 20: 84172}; 59 warm-up day(s) as feature context, unlabelled; 251 predictable day(s)
2026-09-06 06:01:30.015 | INFO     | trader.training.supervised:run_signal_walk_forward:1448 -   SignalModel: 363,394 params, embed_dim=128
2026-09-06 06:03:32.033 | INFO     | trader.training.supervised:train_signal_window:1067 -   epoch   1  step     98  loss 1.99345  val IC +0.0329  5d +0.0125 20d +0.0533
2026-09-06 06:05:33.452 | INFO     | trader.training.supervised:train_signal_window:1067 -   epoch   2  step    196  loss 1.98324  val IC +0.0537  5d +0.0394 20d +0.0681
2026-09-06 06:07:34.909 | INFO     | trader.training.supervised:train_signal_window:1067 -   epoch   3  step    294  loss 1.96724  val IC +0.0366  5d +0.0252 20d +0.0481
2026-09-06 06:09:36.445 | INFO     | trader.training.supervised:train_signal_window:1067 -   epoch   4  step    392  loss 1.94327  val IC +0.0487  5d +0.0342 20d +0.0632
2026-09-06 06:11:38.260 | INFO     | trader.training.supervised:train_signal_window:1067 -   epoch   5  step    490  loss 1.90867  val IC +0.0260  5d +0.0213 20d +0.0308
2026-09-06 06:13:39.848 | INFO     | trader.training.supervised:train_signal_window:1067 -   epoch   6  step    588  loss 1.85953  val IC +0.0440  5d +0.0351 20d +0.0529
2026-09-06 06:15:41.343 | INFO     | trader.training.supervised:train_signal_window:1067 -   epoch   7  step    686  loss 1.79818  val IC +0.0286  5d +0.0227 20d +0.0345
2026-09-06 06:15:41.363 | INFO     | trader.training.supervised:train_signal_window:1084 -   early stop: no val-IC improvement for 5 epochs (best +0.0537 at epoch 2)
2026-09-06 06:16:04.233 | INFO     | trader.training.supervised:run_signal_walk_forward:1510 -   W5 val  5d: IC +0.0394 [+0.0086, +0.0703]  ICIR +0.359  hit 0.607  decile +0.00731  n=183
2026-09-06 06:16:04.234 | INFO     | trader.training.supervised:run_signal_walk_forward:1510 -   W5 val 20d: IC +0.0681 [+0.0160, +0.1192]  ICIR +0.624  hit 0.696  decile +0.01572  n=168
2026-09-06 06:16:04.235 | INFO     | trader.training.supervised:run_signal_walk_forward:1510 -   W5 test  5d: IC +0.0413 [+0.0200, +0.0604]  ICIR +0.445  hit 0.671  decile +0.00995  n=246
2026-09-06 06:16:04.235 | INFO     | trader.training.supervised:run_signal_walk_forward:1510 -   W5 test 20d: IC +0.0533 [+0.0112, +0.0932]  ICIR +0.585  hit 0.667  decile +0.02797  n=231
2026-09-06 06:16:04.605 | INFO     | trader.training.supervised:run_signal_walk_forward:1396 - ── W6: train 2015-01-01..2019-12-31  val 2020-04-01..2021-03-31  test 2021-07-01..2022-06-30
2026-09-06 06:16:04.914 | INFO     | trader.training.walk_forward:materialise_window:334 -   W6/train: 795930 rows, 2015-01-01..2019-12-31
2026-09-06 06:16:05.003 | INFO     | trader.training.walk_forward:materialise_window:334 -   W6/val: 160605 rows, 2020-04-01..2021-03-31
2026-09-06 06:16:05.006 | INFO     | trader.training.walk_forward:materialise_window:317 -   W6/test: 59 warm-up day(s) 2021-04-06..2021-07-01 prepended as feature context (unlabelled, unscored)
2026-09-06 06:16:05.107 | INFO     | trader.training.walk_forward:materialise_window:334 -   W6/test: 198660 rows, 2021-04-06..2022-06-30
2026-09-06 06:16:10.433 | INFO     | trader.training.supervised:run_signal_walk_forward:1439 -   train: 1234 days, 386,477 tradeable rows, labelled rows {5: 384647, 20: 379180}; first 59 days have no full lookback; 1175 predictable day(s)
2026-09-06 06:16:10.434 | INFO     | trader.training.supervised:run_signal_walk_forward:1439 -   val: 249 days, 90,035 tradeable rows, labelled rows {5: 88185, 20: 82649}; first 59 days have no full lookback; 190 predictable day(s)
2026-09-06 06:16:10.435 | INFO     | trader.training.supervised:run_signal_walk_forward:1439 -   test: 308 days, 117,664 tradeable rows, labelled rows {5: 93738, 20: 87778}; 59 warm-up day(s) as feature context, unlabelled; 249 predictable day(s)
2026-09-06 06:16:10.454 | INFO     | trader.training.supervised:run_signal_walk_forward:1448 -   SignalModel: 363,394 params, embed_dim=128
2026-09-06 06:18:12.910 | INFO     | trader.training.supervised:train_signal_window:1067 -   epoch   1  step     98  loss 1.99402  val IC +0.0603  5d +0.0506 20d +0.0700
2026-09-06 06:20:14.892 | INFO     | trader.training.supervised:train_signal_window:1067 -   epoch   2  step    196  loss 1.98112  val IC +0.0391  5d +0.0338 20d +0.0444
2026-09-06 06:22:19.299 | INFO     | trader.training.supervised:train_signal_window:1067 -   epoch   3  step    294  loss 1.96335  val IC +0.0383  5d +0.0513 20d +0.0253
2026-09-06 06:24:21.364 | INFO     | trader.training.supervised:train_signal_window:1067 -   epoch   4  step    392  loss 1.93779  val IC +0.0395  5d +0.0398 20d +0.0392
2026-09-06 06:26:23.331 | INFO     | trader.training.supervised:train_signal_window:1067 -   epoch   5  step    490  loss 1.89869  val IC +0.0287  5d +0.0444 20d +0.0130
2026-09-06 06:28:25.081 | INFO     | trader.training.supervised:train_signal_window:1067 -   epoch   6  step    588  loss 1.84231  val IC +0.0292  5d +0.0429 20d +0.0155
2026-09-06 06:28:25.104 | INFO     | trader.training.supervised:train_signal_window:1084 -   early stop: no val-IC improvement for 5 epochs (best +0.0603 at epoch 1)
2026-09-06 06:28:48.440 | INFO     | trader.training.supervised:run_signal_walk_forward:1510 -   W6 val  5d: IC +0.0506 [+0.0291, +0.0718]  ICIR +0.598  hit 0.703  decile +0.01021  n=185
2026-09-06 06:28:48.441 | INFO     | trader.training.supervised:run_signal_walk_forward:1510 -   W6 val 20d: IC +0.0700 [+0.0389, +0.1017]  ICIR +1.056  hit 0.847  decile +0.02158  n=170
2026-09-06 06:28:48.442 | INFO     | trader.training.supervised:run_signal_walk_forward:1510 -   W6 test  5d: IC +0.0458 [+0.0236, +0.0678]  ICIR +0.452  hit 0.672  decile +0.00841  n=244
2026-09-06 06:28:48.442 | INFO     | trader.training.supervised:run_signal_walk_forward:1510 -   W6 test 20d: IC +0.0723 [+0.0300, +0.1145]  ICIR +0.783  hit 0.808  decile +0.02274  n=229
2026-09-06 06:28:48.871 | INFO     | trader.training.supervised:run_signal_walk_forward:1396 - ── W7: train 2016-01-01..2020-12-31  val 2021-04-01..2022-03-31  test 2022-07-01..2023-06-30
2026-09-06 06:28:49.222 | INFO     | trader.training.walk_forward:materialise_window:334 -   W7/train: 798510 rows, 2016-01-01..2020-12-31
2026-09-06 06:28:49.306 | INFO     | trader.training.walk_forward:materialise_window:334 -   W7/val: 159960 rows, 2021-04-01..2022-03-31
2026-09-06 06:28:49.309 | INFO     | trader.training.walk_forward:materialise_window:317 -   W7/test: 59 warm-up day(s) 2022-04-06..2022-07-01 prepended as feature context (unlabelled, unscored)
2026-09-06 06:28:49.408 | INFO     | trader.training.walk_forward:materialise_window:334 -   W7/test: 197370 rows, 2022-04-06..2023-06-30
2026-09-06 06:28:54.603 | INFO     | trader.training.supervised:run_signal_walk_forward:1439 -   train: 1238 days, 406,543 tradeable rows, labelled rows {5: 404674, 20: 399105}; first 59 days have no full lookback; 1179 predictable day(s)
2026-09-06 06:28:54.604 | INFO     | trader.training.supervised:run_signal_walk_forward:1439 -   val: 248 days, 93,830 tradeable rows, labelled rows {5: 91855, 20: 85988}; first 59 days have no full lookback; 189 predictable day(s)
2026-09-06 06:28:54.605 | INFO     | trader.training.supervised:run_signal_walk_forward:1439 -   test: 306 days, 124,098 tradeable rows, labelled rows {5: 98634, 20: 92409}; 59 warm-up day(s) as feature context, unlabelled; 247 predictable day(s)
2026-09-06 06:28:54.624 | INFO     | trader.training.supervised:run_signal_walk_forward:1448 -   SignalModel: 363,394 params, embed_dim=128
2026-09-06 06:30:56.947 | INFO     | trader.training.supervised:train_signal_window:1067 -   epoch   1  step     98  loss 1.99460  val IC +0.0187  5d +0.0347 20d +0.0027
2026-09-06 06:32:58.734 | INFO     | trader.training.supervised:train_signal_window:1067 -   epoch   2  step    196  loss 1.98184  val IC +0.0246  5d +0.0259 20d +0.0232
2026-09-06 06:35:00.493 | INFO     | trader.training.supervised:train_signal_window:1067 -   epoch   3  step    294  loss 1.96523  val IC +0.0383  5d +0.0454 20d +0.0312
2026-09-06 06:37:02.188 | INFO     | trader.training.supervised:train_signal_window:1067 -   epoch   4  step    392  loss 1.94029  val IC +0.0402  5d +0.0442 20d +0.0361
2026-09-06 06:39:03.902 | INFO     | trader.training.supervised:train_signal_window:1067 -   epoch   5  step    490  loss 1.90716  val IC +0.0415  5d +0.0359 20d +0.0470
2026-09-06 06:41:05.748 | INFO     | trader.training.supervised:train_signal_window:1067 -   epoch   6  step    588  loss 1.85973  val IC +0.0376  5d +0.0335 20d +0.0417
2026-09-06 06:43:07.471 | INFO     | trader.training.supervised:train_signal_window:1067 -   epoch   7  step    686  loss 1.80894  val IC +0.0360  5d +0.0359 20d +0.0361
2026-09-06 06:45:09.159 | INFO     | trader.training.supervised:train_signal_window:1067 -   epoch   8  step    784  loss 1.75555  val IC +0.0335  5d +0.0356 20d +0.0313
2026-09-06 06:47:10.867 | INFO     | trader.training.supervised:train_signal_window:1067 -   epoch   9  step    882  loss 1.69939  val IC +0.0398  5d +0.0354 20d +0.0442
2026-09-06 06:49:12.604 | INFO     | trader.training.supervised:train_signal_window:1067 -   epoch  10  step    980  loss 1.64112  val IC +0.0350  5d +0.0340 20d +0.0359
2026-09-06 06:49:12.628 | INFO     | trader.training.supervised:train_signal_window:1084 -   early stop: no val-IC improvement for 5 epochs (best +0.0415 at epoch 5)
2026-09-06 06:49:35.590 | INFO     | trader.training.supervised:run_signal_walk_forward:1510 -   W7 val  5d: IC +0.0359 [+0.0182, +0.0538]  ICIR +0.483  hit 0.685  decile +0.00257  n=184
2026-09-06 06:49:35.591 | INFO     | trader.training.supervised:run_signal_walk_forward:1510 -   W7 val 20d: IC +0.0470 [+0.0101, +0.0843]  ICIR +0.676  hit 0.728  decile +0.01656  n=169
2026-09-06 06:49:35.592 | INFO     | trader.training.supervised:run_signal_walk_forward:1510 -   W7 test  5d: IC +0.0433 [+0.0287, +0.0571]  ICIR +0.623  hit 0.752  decile +0.00409  n=242
2026-09-06 06:49:35.592 | INFO     | trader.training.supervised:run_signal_walk_forward:1510 -   W7 test 20d: IC +0.0378 [+0.0109, +0.0643]  ICIR +0.547  hit 0.758  decile +0.00377  n=227
2026-09-06 06:49:35.915 | INFO     | trader.training.supervised:run_signal_walk_forward:1396 - ── W8: train 2017-01-01..2021-12-31  val 2022-04-01..2023-03-31  test 2023-07-01..2024-06-30
2026-09-06 06:49:36.223 | INFO     | trader.training.walk_forward:materialise_window:334 -   W8/train: 799155 rows, 2017-01-02..2021-12-31
2026-09-06 06:49:36.314 | INFO     | trader.training.walk_forward:materialise_window:334 -   W8/val: 160605 rows, 2022-04-01..2023-03-31
2026-09-06 06:49:36.317 | INFO     | trader.training.walk_forward:materialise_window:317 -   W8/test: 59 warm-up day(s) 2023-04-05..2023-07-01 prepended as feature context (unlabelled, unscored)
2026-09-06 06:49:36.412 | INFO     | trader.training.walk_forward:materialise_window:334 -   W8/test: 197370 rows, 2023-04-05..2024-06-28
2026-09-06 06:49:41.778 | INFO     | trader.training.supervised:run_signal_walk_forward:1439 -   train: 1239 days, 426,427 tradeable rows, labelled rows {5: 424469, 20: 418624}; first 59 days have no full lookback; 1180 predictable day(s)
2026-09-06 06:49:41.780 | INFO     | trader.training.supervised:run_signal_walk_forward:1439 -   val: 249 days, 100,432 tradeable rows, labelled rows {5: 98368, 20: 92188}; first 59 days have no full lookback; 190 predictable day(s)
2026-09-06 06:49:41.781 | INFO     | trader.training.supervised:run_signal_walk_forward:1439 -   test: 306 days, 130,383 tradeable rows, labelled rows {5: 103725, 20: 97065}; 59 warm-up day(s) as feature context, unlabelled; 247 predictable day(s)
2026-09-06 06:49:41.800 | INFO     | trader.training.supervised:run_signal_walk_forward:1448 -   SignalModel: 363,394 params, embed_dim=128
2026-09-06 06:51:44.401 | INFO     | trader.training.supervised:train_signal_window:1067 -   epoch   1  step     98  loss 1.99365  val IC +0.0448  5d +0.0404 20d +0.0491
2026-09-06 06:53:46.361 | INFO     | trader.training.supervised:train_signal_window:1067 -   epoch   2  step    196  loss 1.97866  val IC +0.0338  5d +0.0354 20d +0.0323
2026-09-06 06:55:48.354 | INFO     | trader.training.supervised:train_signal_window:1067 -   epoch   3  step    294  loss 1.95859  val IC +0.0473  5d +0.0465 20d +0.0480
2026-09-06 06:57:50.377 | INFO     | trader.training.supervised:train_signal_window:1067 -   epoch   4  step    392  loss 1.93034  val IC +0.0422  5d +0.0392 20d +0.0451
2026-09-06 06:59:52.400 | INFO     | trader.training.supervised:train_signal_window:1067 -   epoch   5  step    490  loss 1.89385  val IC +0.0553  5d +0.0564 20d +0.0542
2026-09-06 07:01:54.466 | INFO     | trader.training.supervised:train_signal_window:1067 -   epoch   6  step    588  loss 1.85126  val IC +0.0423  5d +0.0510 20d +0.0335
2026-09-06 07:03:56.380 | INFO     | trader.training.supervised:train_signal_window:1067 -   epoch   7  step    686  loss 1.78992  val IC +0.0345  5d +0.0365 20d +0.0324
2026-09-06 07:05:58.389 | INFO     | trader.training.supervised:train_signal_window:1067 -   epoch   8  step    784  loss 1.72946  val IC +0.0305  5d +0.0393 20d +0.0216
2026-09-06 07:08:00.366 | INFO     | trader.training.supervised:train_signal_window:1067 -   epoch   9  step    882  loss 1.66732  val IC +0.0369  5d +0.0440 20d +0.0298
2026-09-06 07:10:02.351 | INFO     | trader.training.supervised:train_signal_window:1067 -   epoch  10  step    980  loss 1.61224  val IC +0.0372  5d +0.0422 20d +0.0322
2026-09-06 07:10:02.373 | INFO     | trader.training.supervised:train_signal_window:1084 -   early stop: no val-IC improvement for 5 epochs (best +0.0553 at epoch 5)
2026-09-06 07:10:25.655 | INFO     | trader.training.supervised:run_signal_walk_forward:1510 -   W8 val  5d: IC +0.0564 [+0.0398, +0.0733]  ICIR +0.803  hit 0.811  decile +0.00666  n=185
2026-09-06 07:10:25.656 | INFO     | trader.training.supervised:run_signal_walk_forward:1510 -   W8 val 20d: IC +0.0542 [+0.0262, +0.0865]  ICIR +0.888  hit 0.800  decile +0.01444  n=170
2026-09-06 07:10:25.657 | INFO     | trader.training.supervised:run_signal_walk_forward:1510 -   W8 test  5d: IC +0.0180 [+0.0023, +0.0343]  ICIR +0.237  hit 0.603  decile +0.00464  n=242
2026-09-06 07:10:25.657 | INFO     | trader.training.supervised:run_signal_walk_forward:1510 -   W8 test 20d: IC +0.0146 [-0.0213, +0.0554]  ICIR +0.178  hit 0.542  decile +0.01247  n=227
2026-09-06 07:17:18.675 | INFO     | trader.training.supervised:run_signal_walk_forward:1598 - POOLED OOS  5d: IC +0.0392 [+0.0317, +0.0469]  ICIR +0.418  hit 0.680  decile +0.00652  n_days=1940
2026-09-06 07:17:18.676 | INFO     | trader.training.supervised:run_signal_walk_forward:1598 - POOLED OOS 20d: IC +0.0439 [+0.0308, +0.0574]  ICIR +0.495  hit 0.701  decile +0.01631  n_days=1820
2026-09-06 07:17:18.676 | INFO     | trader.training.supervised:run_signal_walk_forward:1603 - R4 GATE: FAIL
  horizon   5d: fail
  horizon  20d: fail
  - W3 h=5: 95% CI [-0.0066, +0.0527] includes zero
  - W8 h=5: mean IC +0.0180 <= 0.020
  - W3 h=20: mean IC +0.0154 <= 0.020
  - W3 h=20: 95% CI [-0.0358, +0.0647] includes zero
  - W8 h=20: mean IC +0.0146 <= 0.020
  - W8 h=20: 95% CI [-0.0213, +0.0554] includes zero
2026-09-06 07:17:19.215 | INFO     | __main__:main:240 - R4 GATE: FAIL
  horizon   5d: fail
  horizon  20d: fail
  - W3 h=5: 95% CI [-0.0066, +0.0527] includes zero
  - W8 h=5: mean IC +0.0180 <= 0.020
  - W3 h=20: mean IC +0.0154 <= 0.020
  - W3 h=20: 95% CI [-0.0358, +0.0647] includes zero
  - W8 h=20: mean IC +0.0146 <= 0.020
  - W8 h=20: 95% CI [-0.0213, +0.0554] includes zero
2026-09-06 07:17:19.216 | INFO     | __main__:main:242 -   embeddings: /mnt/d/trading-bot-01/data/signal/r4_v2/embeddings.npy
2026-09-06 07:17:19.217 | INFO     | __main__:main:242 -   gate: /mnt/d/trading-bot-01/data/signal/r4_v2/gate.json
2026-09-06 07:17:19.217 | INFO     | __main__:main:242 -   index: /mnt/d/trading-bot-01/data/signal/r4_v2/index.json
2026-09-06 07:17:19.218 | INFO     | __main__:main:242 -   model: /mnt/d/trading-bot-01/data/signal/r4_v2/signal_model.pt
2026-09-06 07:17:19.218 | INFO     | __main__:main:242 -   predictions: /mnt/d/trading-bot-01/data/signal/r4_v2/predictions.parquet
2026-09-06 07:17:19.218 | INFO     | __main__:main:244 - MLflow run ids: ['5d459ab5c1f748ddb66a1ff8f224da5c', '47e9d3b8e7934b80b1f3ee06421a8ada', 'b331554096bc43e8986716dfb51c8aac', 'fa12c2a1eaa44bfabfb4ec626329a497', '8eed1c06a20a4a46af3904c5db469be6', 'e8cc6f9d2dba4244b736ff31281078a6', '78ea894e6b944045b7873b45bc65ea2d', '701012beea2a403ebce52edcd62351d5']
🏃 View run r4_v2_W1 at: http://localhost:5555/#/experiments/1/runs/5d459ab5c1f748ddb66a1ff8f224da5c
🧪 View experiment at: http://localhost:5555/#/experiments/1
🏃 View run r4_v2_W2 at: http://localhost:5555/#/experiments/1/runs/47e9d3b8e7934b80b1f3ee06421a8ada
🧪 View experiment at: http://localhost:5555/#/experiments/1
🏃 View run r4_v2_W3 at: http://localhost:5555/#/experiments/1/runs/b331554096bc43e8986716dfb51c8aac
🧪 View experiment at: http://localhost:5555/#/experiments/1
🏃 View run r4_v2_W4 at: http://localhost:5555/#/experiments/1/runs/fa12c2a1eaa44bfabfb4ec626329a497
🧪 View experiment at: http://localhost:5555/#/experiments/1
🏃 View run r4_v2_W5 at: http://localhost:5555/#/experiments/1/runs/8eed1c06a20a4a46af3904c5db469be6
🧪 View experiment at: http://localhost:5555/#/experiments/1
🏃 View run r4_v2_W6 at: http://localhost:5555/#/experiments/1/runs/e8cc6f9d2dba4244b736ff31281078a6
🧪 View experiment at: http://localhost:5555/#/experiments/1
🏃 View run r4_v2_W7 at: http://localhost:5555/#/experiments/1/runs/78ea894e6b944045b7873b45bc65ea2d
🧪 View experiment at: http://localhost:5555/#/experiments/1
🏃 View run r4_v2_W8 at: http://localhost:5555/#/experiments/1/runs/701012beea2a403ebce52edcd62351d5
🧪 View experiment at: http://localhost:5555/#/experiments/1
🏃 View run r4_v2_summary at: http://localhost:5555/#/experiments/1/runs/a607437699ba470888ecc2b882c5924d
🧪 View experiment at: http://localhost:5555/#/experiments/1
